// Jest Snapshot v1, https://goo.gl/fbAQLP

exports[`Visiting the web app through social media registrations or login Test the connected component should matche the snapshot 1`] = `""`;
