// Jest Snapshot v1, https://goo.gl/fbAQLP

exports[`<CreateArticle /> matches the snapshot 1`] = `<Connect(ConnectedCreateArticle) />`;
