// Jest Snapshot v1, https://goo.gl/fbAQLP

exports[`landing page should show page is loading 1`] = `<Loading />`;

exports[`landing page should show page is loading 2`] = `
<section>
  <Connect(CategoriesList) />
  <SingleArticle
    article={Array []}
  />
</section>
`;
